<testsuites id="" name="" tests="10" failures="0" skipped="0" errors="0" time="41.17413499999999">
<testsuite name="addToCart.spec.js" timestamp="2026-08-06T04:42:18.669Z" hostname="chromium" tests="1" failures="0" skipped="0" time="10.711" errors="0">
<testcase name="Verify user able to add a product to cart successfully" classname="addToCart.spec.js" time="10.711">
<system-out>
<![CDATA[
[[ATTACHMENT|addToCart-Verify-user-able-39227-roduct-to-cart-successfully-chromium\test-finished-1.png]]

[[ATTACHMENT|addToCart-Verify-user-able-39227-roduct-to-cart-successfully-chromium\video.webm]]
]]>
</system-out>
</testcase>
</testsuite>
<testsuite name="checkout.spec.js" timestamp="2026-08-06T04:42:18.669Z" hostname="chromium" tests="2" failures="0" skipped="0" time="45.579" errors="0">
<testcase name="Verify user able to add a phone to cart and checkout the product successfully" classname="checkout.spec.js" time="22.497">
<system-out>
<![CDATA[
[[ATTACHMENT|checkout-Verify-user-able--6f173-ut-the-product-successfully-chromium\test-finished-1.png]]

[[ATTACHMENT|checkout-Verify-user-able--6f173-ut-the-product-successfully-chromium\video.webm]]
]]>
</system-out>
</testcase>
<testcase name="Verify user able to add a monitor to cart and checkout the product successfully" classname="checkout.spec.js" time="23.082">
<system-out>
<![CDATA[
[[ATTACHMENT|checkout-Verify-user-able--2ba3e-ut-the-product-successfully-chromium\test-finished-1.png]]

[[ATTACHMENT|checkout-Verify-user-able--2ba3e-ut-the-product-successfully-chromium\video.webm]]
]]>
</system-out>
</testcase>
</testsuite>
<testsuite name="login.spec.js" timestamp="2026-08-06T04:42:18.669Z" hostname="chromium" tests="5" failures="0" skipped="0" time="38.717" errors="0">
<testcase name="Veriy user login using valid credentials" classname="login.spec.js" time="8.05">
<system-out>
<![CDATA[
[[ATTACHMENT|login-Veriy-user-login-using-valid-credentials-chromium\test-finished-1.png]]

[[ATTACHMENT|login-Veriy-user-login-using-valid-credentials-chromium\video.webm]]
]]>
</system-out>
</testcase>
<testcase name="Veriy user login using invalid username and valid password credentials" classname="login.spec.js" time="7.586">
<system-out>
<![CDATA[
[[ATTACHMENT|login-Veriy-user-login-usi-7cfa1--valid-password-credentials-chromium\test-finished-1.png]]

[[ATTACHMENT|login-Veriy-user-login-usi-7cfa1--valid-password-credentials-chromium\video.webm]]
]]>
</system-out>
</testcase>
<testcase name="Verify user login with valid username and invalid password" classname="login.spec.js" time="6.789">
<system-out>
<![CDATA[
[[ATTACHMENT|login-Verify-user-login-wi-287e2-ername-and-invalid-password-chromium\test-finished-1.png]]

[[ATTACHMENT|login-Verify-user-login-wi-287e2-ername-and-invalid-password-chromium\video.webm]]
]]>
</system-out>
</testcase>
<testcase name="Verify user login with invalid username and invalid password" classname="login.spec.js" time="7.112">
<system-out>
<![CDATA[
[[ATTACHMENT|login-Verify-user-login-wi-7c3d9-ername-and-invalid-password-chromium\test-finished-1.png]]

[[ATTACHMENT|login-Verify-user-login-wi-7c3d9-ername-and-invalid-password-chromium\video.webm]]
]]>
</system-out>
</testcase>
<testcase name="Verify user login and logout" classname="login.spec.js" time="9.18">
<system-out>
<![CDATA[
[[ATTACHMENT|login-Verify-user-login-and-logout-chromium\test-finished-1.png]]

[[ATTACHMENT|login-Verify-user-login-and-logout-chromium\video.webm]]
]]>
</system-out>
</testcase>
</testsuite>
<testsuite name="signup.spec.js" timestamp="2026-08-06T04:42:18.669Z" hostname="chromium" tests="2" failures="0" skipped="0" time="14.27" errors="0">
<testcase name="New User Sign Up" classname="signup.spec.js" time="6.779">
<system-out>
<![CDATA[
[[ATTACHMENT|signup-New-User-Sign-Up-chromium\test-finished-1.png]]

[[ATTACHMENT|signup-New-User-Sign-Up-chromium\video.webm]]
]]>
</system-out>
</testcase>
<testcase name="Unsuccessful Sign Up" classname="signup.spec.js" time="7.491">
<system-out>
<![CDATA[
[[ATTACHMENT|signup-Unsuccessful-Sign-Up-chromium\test-finished-1.png]]

[[ATTACHMENT|signup-Unsuccessful-Sign-Up-chromium\video.webm]]
]]>
</system-out>
</testcase>
</testsuite>
</testsuites>